
> campus-connect@0.0.1 build
> vite build

[36mvite v5.4.21 [32mbuilding for production...[36m[39m
transforming...
[32mΓ£ô[39m 52 modules transformed.
node.exe : [31mx[39m 
Build failed in 2.27s
At line:1 char:1
+ & "C:\Program 
Files\nodejs/node.exe" 
"C:\Users\Asad 
Computers\AppData ...
+ ~~~~~~~~~~~~~~~~~~~~~
~~~~~~~~~~~~~~~~~~~~~~~
~~~~~~~~~~~~~~~~~~~~~~~
~~
    + CategoryInfo     
         : NotSpecifi  
  ed: ([31mx[39m B   
 uild failed in 2.2    
7s:String) [], Rem    
oteException
    + FullyQualifiedEr 
   rorId : NativeComm  
  andError
 
[31merror during 
build:
[31mCould not resolve 
"../components/Layout" 
from "src/routes/AppRou
tes.jsx"[31m
file: [36mD:/CampusCon
nect/CampusConnect-Full
-Stack/client/src/route
s/AppRoutes.jsx[31m
    at getRollupError (
file:///D:/CampusConnec
t/CampusConnect-Full-St
ack/client/node_modules
/rollup/dist/es/shared/
parseAst.js:402:41)
    at error (file:///D
:/CampusConnect/CampusC
onnect-Full-Stack/clien
t/node_modules/rollup/d
ist/es/shared/parseAst.
js:398:42)
    at ModuleLoader.han
dleInvalidResolvedId (f
ile:///D:/CampusConnect
/CampusConnect-Full-Sta
ck/client/node_modules/
rollup/dist/es/shared/n
ode-entry.js:21687:24)
    at file:///D:/Campu
sConnect/CampusConnect-
Full-Stack/client/node_
modules/rollup/dist/es/
shared/node-entry.js:21
647:26[39m
