
> campus-connect@0.0.1 build
> vite build

[36mvite v5.4.21 [32mbuilding for production...[36m[39m
transforming...
DEPRECATION WARNING [legacy-js-api]: The legacy JS API is deprecated and will be removed in Dart Sass 2.0.0.

More info: https://sass-lang.com/d/legacy-js-api

[32m✓[39m 2051 modules transformed.
[1m[33m[plugin:vite:reporter][39m[22m [33m[plugin vite:reporter] 
(!) D:/CampusConnect/CampusConnect-Full-Stack/client/src/redux/slices/authSlice.js is dynamically imported by D:/CampusConnect/CampusConnect-Full-Stack/client/src/api/axios.js but also statically imported by D:/CampusConnect/CampusConnect-Full-Stack/client/src/hooks/useAuth.js, D:/CampusConnect/CampusConnect-Full-Stack/client/src/hooks/useSocket.js, D:/CampusConnect/CampusConnect-Full-Stack/client/src/pages/Auth/Login.jsx, D:/CampusConnect/CampusConnect-Full-Stack/client/src/pages/Auth/RoleSelection.jsx, D:/CampusConnect/CampusConnect-Full-Stack/client/src/pages/Auth/Signup.jsx, D:/CampusConnect/CampusConnect-Full-Stack/client/src/pages/Misc/Logout.jsx, D:/CampusConnect/CampusConnect-Full-Stack/client/src/pages/Onboarding/OnboardingWizardComplete.jsx, D:/CampusConnect/CampusConnect-Full-Stack/client/src/pages/Profile/DeleteAccount.jsx, D:/CampusConnect/CampusConnect-Full-Stack/client/src/redux/rootReducer.js, dynamic import will not move module into another chunk.
[39m
rendering chunks...
computing gzip size...
[2mdist/[22m[32mindex.html                 [39m[1m[2m  1.07 kB[22m[1m[22m[2m │ gzip:   0.55 kB[22m
[2mdist/[22m[35massets/index-DLHdftzC.css  [39m[1m[2m 80.13 kB[22m[1m[22m[2m │ gzip:  14.07 kB[22m
[2mdist/[22m[36massets/index-NyZGxSjw.js   [39m[1m[33m852.68 kB[39m[22m[2m │ gzip: 217.10 kB[22m
[33m
(!) Some chunks are larger than 500 kB after minification. Consider:
- Using dynamic import() to code-split the application
- Use build.rollupOptions.output.manualChunks to improve chunking: https://rollupjs.org/configuration-options/#output-manualchunks
- Adjust chunk size limit for this warning via build.chunkSizeWarningLimit.[39m
[32m✓ built in 20.23s[39m
